// Jest Snapshot v1, https://goo.gl/fbAQLP

exports[`public api 1`] = `
Array [
  "ERR_VALIDATION",
  "ValidationError",
  "allowValues",
  "normalizeValidationResult",
  "parallelCases",
  "prepareValidate",
  "prohibitValues",
  "sequentialCases",
  "validateAsync",
  "validateAsyncThrow",
  "validateSync",
  "validateSyncThrow",
]
`;
